

================================================================
== Vitis HLS Report for 'dft'
================================================================
* Date:           Sun Nov 24 03:01:22 2024

* Version:        2022.1 (Build 3526262 on Mon Apr 18 15:47:01 MDT 2022)
* Project:        hls_ip_dft
* Solution:       solution1 (Vivado IP Flow Target)
* Product family: zynq
* Target device:  xc7z020-clg400-1


================================================================
== Performance Estimates
================================================================
+ Timing: 
    * Summary: 
    +--------+----------+----------+------------+
    |  Clock |  Target  | Estimated| Uncertainty|
    +--------+----------+----------+------------+
    |ap_clk  |  10.00 ns|  7.256 ns|     2.70 ns|
    +--------+----------+----------+------------+

+ Latency: 
    * Summary: 
    +---------+---------+-----------+-----------+------+------+---------+
    |  Latency (cycles) |   Latency (absolute)  |   Interval  | Pipeline|
    |   min   |   max   |    min    |    max    |  min |  max |   Type  |
    +---------+---------+-----------+-----------+------+------+---------+
    |     2190|     2190|  21.900 us|  21.900 us|  2191|  2191|       no|
    +---------+---------+-----------+-----------+------+------+---------+

    + Detail: 
        * Instance: 
        +-----------------------------+-----------------+---------+---------+-----------+-----------+------+------+---------+
        |                             |                 |  Latency (cycles) |   Latency (absolute)  |   Interval  | Pipeline|
        |           Instance          |      Module     |   min   |   max   |    min    |    max    |  min |  max |   Type  |
        +-----------------------------+-----------------+---------+---------+-----------+-----------+------+------+---------+
        |grp_dft_Pipeline_1_fu_5182   |dft_Pipeline_1   |      258|      258|   2.580 us|   2.580 us|   258|   258|       no|
        |grp_dft_Pipeline_2_fu_5188   |dft_Pipeline_2   |      258|      258|   2.580 us|   2.580 us|   258|   258|       no|
        |grp_dft_Pipeline_L1_fu_5194  |dft_Pipeline_L1  |     1543|     1543|  15.430 us|  15.430 us|  1543|  1543|       no|
        |grp_dft_Pipeline_4_fu_5716   |dft_Pipeline_4   |      258|      258|   2.580 us|   2.580 us|   258|   258|       no|
        |grp_dft_Pipeline_5_fu_5723   |dft_Pipeline_5   |      258|      258|   2.580 us|   2.580 us|   258|   258|       no|
        +-----------------------------+-----------------+---------+---------+-----------+-----------+------+------+---------+

        * Loop: 
        N/A



================================================================
== Utilization Estimates
================================================================
* Summary: 
+-----------------+---------+------+--------+--------+-----+
|       Name      | BRAM_18K|  DSP |   FF   |   LUT  | URAM|
+-----------------+---------+------+--------+--------+-----+
|DSP              |        -|     -|       -|       -|    -|
|Expression       |        -|     -|       0|       4|    -|
|FIFO             |        -|     -|       -|       -|    -|
|Instance         |     1016|  5104|  442654|  732246|    -|
|Memory           |        4|     -|       0|       0|    0|
|Multiplexer      |        -|     -|       -|    3804|    -|
|Register         |        -|     -|   32841|       -|    -|
+-----------------+---------+------+--------+--------+-----+
|Total            |     1020|  5104|  475495|  736054|    0|
+-----------------+---------+------+--------+--------+-----+
|Available        |      280|   220|  106400|   53200|    0|
+-----------------+---------+------+--------+--------+-----+
|Utilization (%)  |      364|  2320|     446|    1383|    0|
+-----------------+---------+------+--------+--------+-----+

+ Detail: 
    * Instance: 
    +------------------------------------------+------------------------------------+---------+------+--------+--------+-----+
    |                 Instance                 |               Module               | BRAM_18K|  DSP |   FF   |   LUT  | URAM|
    +------------------------------------------+------------------------------------+---------+------+--------+--------+-----+
    |grp_dft_Pipeline_1_fu_5182                |dft_Pipeline_1                      |        0|     0|      11|      52|    0|
    |grp_dft_Pipeline_2_fu_5188                |dft_Pipeline_2                      |        0|     0|      11|      52|    0|
    |grp_dft_Pipeline_4_fu_5716                |dft_Pipeline_4                      |        0|     0|      21|      63|    0|
    |grp_dft_Pipeline_5_fu_5723                |dft_Pipeline_5                      |        0|     0|      21|      63|    0|
    |grp_dft_Pipeline_L1_fu_5194               |dft_Pipeline_L1                     |     1016|  5094|  441894|  730594|    0|
    |fadd_32ns_32ns_32_5_full_dsp_1_U2569      |fadd_32ns_32ns_32_5_full_dsp_1      |        0|     2|     205|     390|    0|
    |faddfsub_32ns_32ns_32_5_full_dsp_1_U2568  |faddfsub_32ns_32ns_32_5_full_dsp_1  |        0|     2|     205|     390|    0|
    |fmul_32ns_32ns_32_4_max_dsp_1_U2570       |fmul_32ns_32ns_32_4_max_dsp_1       |        0|     3|     143|     321|    0|
    |fmul_32ns_32ns_32_4_max_dsp_1_U2571       |fmul_32ns_32ns_32_4_max_dsp_1       |        0|     3|     143|     321|    0|
    +------------------------------------------+------------------------------------+---------+------+--------+--------+-----+
    |Total                                     |                                    |     1016|  5104|  442654|  732246|    0|
    +------------------------------------------+------------------------------------+---------+------+--------+--------+-----+

    * DSP: 
    N/A

    * Memory: 
    +-----------------+-----------------------------+---------+---+----+-----+------+-----+------+-------------+
    |      Memory     |            Module           | BRAM_18K| FF| LUT| URAM| Words| Bits| Banks| W*Bits*Banks|
    +-----------------+-----------------------------+---------+---+----+-----+------+-----+------+-------------+
    |temp_real_out_U  |temp_real_out_RAM_AUTO_1R1W  |        2|  0|   0|    0|   256|   32|     1|         8192|
    |temp_imag_out_U  |temp_real_out_RAM_AUTO_1R1W  |        2|  0|   0|    0|   256|   32|     1|         8192|
    +-----------------+-----------------------------+---------+---+----+-----+------+-----+------+-------------+
    |Total            |                             |        4|  0|   0|    0|   512|   64|     2|        16384|
    +-----------------+-----------------------------+---------+---+----+-----+------+-----+------+-------------+

    * FIFO: 
    N/A

    * Expression: 
    +-----------------------------------+----------+----+---+----+------------+------------+
    |           Variable Name           | Operation| DSP| FF| LUT| Bitwidth P0| Bitwidth P1|
    +-----------------------------------+----------+----+---+----+------------+------------+
    |ap_block_state132_on_subcall_done  |        or|   0|  0|   2|           1|           1|
    |ap_block_state2_on_subcall_done    |        or|   0|  0|   2|           1|           1|
    +-----------------------------------+----------+----+---+----+------------+------------+
    |Total                              |          |   0|  0|   4|           2|           2|
    +-----------------------------------+----------+----+---+----+------------+------------+

    * Multiplexer: 
    +------------------------+-----+-----------+-----+-----------+
    |          Name          | LUT | Input Size| Bits| Total Bits|
    +------------------------+-----+-----------+-----+-----------+
    |ap_NS_fsm               |  708|        133|    1|        133|
    |grp_fu_5730_ce          |    9|          2|    1|          2|
    |grp_fu_5730_opcode      |   14|          3|    2|          6|
    |grp_fu_5730_p0          |   14|          3|   32|         96|
    |grp_fu_5730_p1          |   14|          3|   32|         96|
    |grp_fu_5734_ce          |    9|          2|    1|          2|
    |grp_fu_5734_p0          |   14|          3|   32|         96|
    |grp_fu_5734_p1          |   14|          3|   32|         96|
    |grp_fu_5738_ce          |    9|          2|    1|          2|
    |grp_fu_5738_p0          |   14|          3|   32|         96|
    |grp_fu_5738_p1          |   14|          3|   32|         96|
    |grp_fu_5743_ce          |    9|          2|    1|          2|
    |grp_fu_5743_p0          |   14|          3|   32|         96|
    |grp_fu_5743_p1          |   14|          3|   32|         96|
    |imag_sample_address0    |  687|        130|    8|       1040|
    |imag_sample_address1    |  680|        129|    8|       1032|
    |imag_sample_ce0         |   14|          3|    1|          3|
    |imag_sample_we0         |    9|          2|    1|          2|
    |real_sample_address0    |  687|        130|    8|       1040|
    |real_sample_address1    |  680|        129|    8|       1032|
    |real_sample_ce0         |   14|          3|    1|          3|
    |real_sample_we0         |    9|          2|    1|          2|
    |temp_imag_out_address0  |   20|          4|    8|         32|
    |temp_imag_out_ce0       |   20|          4|    1|          4|
    |temp_imag_out_ce1       |    9|          2|    1|          2|
    |temp_imag_out_d0        |   14|          3|   32|         96|
    |temp_imag_out_we0       |   14|          3|    1|          3|
    |temp_real_out_address0  |   20|          4|    8|         32|
    |temp_real_out_ce0       |   20|          4|    1|          4|
    |temp_real_out_ce1       |    9|          2|    1|          2|
    |temp_real_out_d0        |   14|          3|   32|         96|
    |temp_real_out_we0       |   14|          3|    1|          3|
    +------------------------+-----+-----------+-----+-----------+
    |Total                   | 3804|        728|  385|       5343|
    +------------------------+-----+-----------+-----+-----------+

    * Register: 
    +------------------------------------------+-----+----+-----+-----------+
    |                   Name                   |  FF | LUT| Bits| Const Bits|
    +------------------------------------------+-----+----+-----+-----------+
    |add1_reg_12879                            |   32|   0|   32|          0|
    |ap_CS_fsm                                 |  132|   0|  132|          0|
    |bitcast_ln25_100_reg_13414                |   32|   0|   32|          0|
    |bitcast_ln25_101_reg_13419                |   32|   0|   32|          0|
    |bitcast_ln25_102_reg_13424                |   32|   0|   32|          0|
    |bitcast_ln25_103_reg_13429                |   32|   0|   32|          0|
    |bitcast_ln25_104_reg_13434                |   32|   0|   32|          0|
    |bitcast_ln25_105_reg_13439                |   32|   0|   32|          0|
    |bitcast_ln25_106_reg_13444                |   32|   0|   32|          0|
    |bitcast_ln25_107_reg_13449                |   32|   0|   32|          0|
    |bitcast_ln25_108_reg_13454                |   32|   0|   32|          0|
    |bitcast_ln25_109_reg_13459                |   32|   0|   32|          0|
    |bitcast_ln25_10_reg_12964                 |   32|   0|   32|          0|
    |bitcast_ln25_110_reg_13464                |   32|   0|   32|          0|
    |bitcast_ln25_111_reg_13469                |   32|   0|   32|          0|
    |bitcast_ln25_112_reg_13474                |   32|   0|   32|          0|
    |bitcast_ln25_113_reg_13479                |   32|   0|   32|          0|
    |bitcast_ln25_114_reg_13484                |   32|   0|   32|          0|
    |bitcast_ln25_115_reg_13489                |   32|   0|   32|          0|
    |bitcast_ln25_116_reg_13494                |   32|   0|   32|          0|
    |bitcast_ln25_117_reg_13499                |   32|   0|   32|          0|
    |bitcast_ln25_118_reg_13504                |   32|   0|   32|          0|
    |bitcast_ln25_119_reg_13509                |   32|   0|   32|          0|
    |bitcast_ln25_11_reg_12969                 |   32|   0|   32|          0|
    |bitcast_ln25_120_reg_13514                |   32|   0|   32|          0|
    |bitcast_ln25_121_reg_13519                |   32|   0|   32|          0|
    |bitcast_ln25_122_reg_13524                |   32|   0|   32|          0|
    |bitcast_ln25_123_reg_13529                |   32|   0|   32|          0|
    |bitcast_ln25_124_reg_13534                |   32|   0|   32|          0|
    |bitcast_ln25_125_reg_13539                |   32|   0|   32|          0|
    |bitcast_ln25_126_reg_13544                |   32|   0|   32|          0|
    |bitcast_ln25_127_reg_13549                |   32|   0|   32|          0|
    |bitcast_ln25_128_reg_13554                |   32|   0|   32|          0|
    |bitcast_ln25_129_reg_13559                |   32|   0|   32|          0|
    |bitcast_ln25_12_reg_12974                 |   32|   0|   32|          0|
    |bitcast_ln25_130_reg_13564                |   32|   0|   32|          0|
    |bitcast_ln25_131_reg_13569                |   32|   0|   32|          0|
    |bitcast_ln25_132_reg_13574                |   32|   0|   32|          0|
    |bitcast_ln25_133_reg_13579                |   32|   0|   32|          0|
    |bitcast_ln25_134_reg_13584                |   32|   0|   32|          0|
    |bitcast_ln25_135_reg_13589                |   32|   0|   32|          0|
    |bitcast_ln25_136_reg_13594                |   32|   0|   32|          0|
    |bitcast_ln25_137_reg_13599                |   32|   0|   32|          0|
    |bitcast_ln25_138_reg_13604                |   32|   0|   32|          0|
    |bitcast_ln25_139_reg_13609                |   32|   0|   32|          0|
    |bitcast_ln25_13_reg_12979                 |   32|   0|   32|          0|
    |bitcast_ln25_140_reg_13614                |   32|   0|   32|          0|
    |bitcast_ln25_141_reg_13619                |   32|   0|   32|          0|
    |bitcast_ln25_142_reg_13624                |   32|   0|   32|          0|
    |bitcast_ln25_143_reg_13629                |   32|   0|   32|          0|
    |bitcast_ln25_144_reg_13634                |   32|   0|   32|          0|
    |bitcast_ln25_145_reg_13639                |   32|   0|   32|          0|
    |bitcast_ln25_146_reg_13644                |   32|   0|   32|          0|
    |bitcast_ln25_147_reg_13649                |   32|   0|   32|          0|
    |bitcast_ln25_148_reg_13654                |   32|   0|   32|          0|
    |bitcast_ln25_149_reg_13659                |   32|   0|   32|          0|
    |bitcast_ln25_14_reg_12984                 |   32|   0|   32|          0|
    |bitcast_ln25_150_reg_13664                |   32|   0|   32|          0|
    |bitcast_ln25_151_reg_13669                |   32|   0|   32|          0|
    |bitcast_ln25_152_reg_13674                |   32|   0|   32|          0|
    |bitcast_ln25_153_reg_13679                |   32|   0|   32|          0|
    |bitcast_ln25_154_reg_13684                |   32|   0|   32|          0|
    |bitcast_ln25_155_reg_13689                |   32|   0|   32|          0|
    |bitcast_ln25_156_reg_13694                |   32|   0|   32|          0|
    |bitcast_ln25_157_reg_13699                |   32|   0|   32|          0|
    |bitcast_ln25_158_reg_13704                |   32|   0|   32|          0|
    |bitcast_ln25_159_reg_13709                |   32|   0|   32|          0|
    |bitcast_ln25_15_reg_12989                 |   32|   0|   32|          0|
    |bitcast_ln25_160_reg_13714                |   32|   0|   32|          0|
    |bitcast_ln25_161_reg_13719                |   32|   0|   32|          0|
    |bitcast_ln25_162_reg_13724                |   32|   0|   32|          0|
    |bitcast_ln25_163_reg_13729                |   32|   0|   32|          0|
    |bitcast_ln25_164_reg_13734                |   32|   0|   32|          0|
    |bitcast_ln25_165_reg_13739                |   32|   0|   32|          0|
    |bitcast_ln25_166_reg_13744                |   32|   0|   32|          0|
    |bitcast_ln25_167_reg_13749                |   32|   0|   32|          0|
    |bitcast_ln25_168_reg_13754                |   32|   0|   32|          0|
    |bitcast_ln25_169_reg_13759                |   32|   0|   32|          0|
    |bitcast_ln25_16_reg_12994                 |   32|   0|   32|          0|
    |bitcast_ln25_170_reg_13764                |   32|   0|   32|          0|
    |bitcast_ln25_171_reg_13769                |   32|   0|   32|          0|
    |bitcast_ln25_172_reg_13774                |   32|   0|   32|          0|
    |bitcast_ln25_173_reg_13779                |   32|   0|   32|          0|
    |bitcast_ln25_174_reg_13784                |   32|   0|   32|          0|
    |bitcast_ln25_175_reg_13789                |   32|   0|   32|          0|
    |bitcast_ln25_176_reg_13794                |   32|   0|   32|          0|
    |bitcast_ln25_177_reg_13799                |   32|   0|   32|          0|
    |bitcast_ln25_178_reg_13804                |   32|   0|   32|          0|
    |bitcast_ln25_179_reg_13809                |   32|   0|   32|          0|
    |bitcast_ln25_17_reg_12999                 |   32|   0|   32|          0|
    |bitcast_ln25_180_reg_13814                |   32|   0|   32|          0|
    |bitcast_ln25_181_reg_13819                |   32|   0|   32|          0|
    |bitcast_ln25_182_reg_13824                |   32|   0|   32|          0|
    |bitcast_ln25_183_reg_13829                |   32|   0|   32|          0|
    |bitcast_ln25_184_reg_13834                |   32|   0|   32|          0|
    |bitcast_ln25_185_reg_13839                |   32|   0|   32|          0|
    |bitcast_ln25_186_reg_13844                |   32|   0|   32|          0|
    |bitcast_ln25_187_reg_13849                |   32|   0|   32|          0|
    |bitcast_ln25_188_reg_13854                |   32|   0|   32|          0|
    |bitcast_ln25_189_reg_13859                |   32|   0|   32|          0|
    |bitcast_ln25_18_reg_13004                 |   32|   0|   32|          0|
    |bitcast_ln25_190_reg_13864                |   32|   0|   32|          0|
    |bitcast_ln25_191_reg_13869                |   32|   0|   32|          0|
    |bitcast_ln25_192_reg_13874                |   32|   0|   32|          0|
    |bitcast_ln25_193_reg_13879                |   32|   0|   32|          0|
    |bitcast_ln25_194_reg_13884                |   32|   0|   32|          0|
    |bitcast_ln25_195_reg_13889                |   32|   0|   32|          0|
    |bitcast_ln25_196_reg_13894                |   32|   0|   32|          0|
    |bitcast_ln25_197_reg_13899                |   32|   0|   32|          0|
    |bitcast_ln25_198_reg_13904                |   32|   0|   32|          0|
    |bitcast_ln25_199_reg_13909                |   32|   0|   32|          0|
    |bitcast_ln25_19_reg_13009                 |   32|   0|   32|          0|
    |bitcast_ln25_1_reg_12548                  |   32|   0|   32|          0|
    |bitcast_ln25_200_reg_13914                |   32|   0|   32|          0|
    |bitcast_ln25_201_reg_13919                |   32|   0|   32|          0|
    |bitcast_ln25_202_reg_13924                |   32|   0|   32|          0|
    |bitcast_ln25_203_reg_13929                |   32|   0|   32|          0|
    |bitcast_ln25_204_reg_13934                |   32|   0|   32|          0|
    |bitcast_ln25_205_reg_13939                |   32|   0|   32|          0|
    |bitcast_ln25_206_reg_13944                |   32|   0|   32|          0|
    |bitcast_ln25_207_reg_13949                |   32|   0|   32|          0|
    |bitcast_ln25_208_reg_13954                |   32|   0|   32|          0|
    |bitcast_ln25_209_reg_13959                |   32|   0|   32|          0|
    |bitcast_ln25_20_reg_13014                 |   32|   0|   32|          0|
    |bitcast_ln25_210_reg_13964                |   32|   0|   32|          0|
    |bitcast_ln25_211_reg_13969                |   32|   0|   32|          0|
    |bitcast_ln25_212_reg_13974                |   32|   0|   32|          0|
    |bitcast_ln25_213_reg_13979                |   32|   0|   32|          0|
    |bitcast_ln25_214_reg_13984                |   32|   0|   32|          0|
    |bitcast_ln25_215_reg_13989                |   32|   0|   32|          0|
    |bitcast_ln25_216_reg_13994                |   32|   0|   32|          0|
    |bitcast_ln25_217_reg_13999                |   32|   0|   32|          0|
    |bitcast_ln25_218_reg_14004                |   32|   0|   32|          0|
    |bitcast_ln25_219_reg_14009                |   32|   0|   32|          0|
    |bitcast_ln25_21_reg_13019                 |   32|   0|   32|          0|
    |bitcast_ln25_220_reg_14014                |   32|   0|   32|          0|
    |bitcast_ln25_221_reg_14019                |   32|   0|   32|          0|
    |bitcast_ln25_222_reg_14024                |   32|   0|   32|          0|
    |bitcast_ln25_223_reg_14029                |   32|   0|   32|          0|
    |bitcast_ln25_224_reg_14034                |   32|   0|   32|          0|
    |bitcast_ln25_225_reg_14039                |   32|   0|   32|          0|
    |bitcast_ln25_226_reg_14044                |   32|   0|   32|          0|
    |bitcast_ln25_227_reg_14049                |   32|   0|   32|          0|
    |bitcast_ln25_228_reg_14054                |   32|   0|   32|          0|
    |bitcast_ln25_229_reg_14059                |   32|   0|   32|          0|
    |bitcast_ln25_22_reg_13024                 |   32|   0|   32|          0|
    |bitcast_ln25_230_reg_14064                |   32|   0|   32|          0|
    |bitcast_ln25_231_reg_14069                |   32|   0|   32|          0|
    |bitcast_ln25_232_reg_14074                |   32|   0|   32|          0|
    |bitcast_ln25_233_reg_14079                |   32|   0|   32|          0|
    |bitcast_ln25_234_reg_14084                |   32|   0|   32|          0|
    |bitcast_ln25_235_reg_14089                |   32|   0|   32|          0|
    |bitcast_ln25_236_reg_14094                |   32|   0|   32|          0|
    |bitcast_ln25_237_reg_14099                |   32|   0|   32|          0|
    |bitcast_ln25_238_reg_14104                |   32|   0|   32|          0|
    |bitcast_ln25_239_reg_14109                |   32|   0|   32|          0|
    |bitcast_ln25_23_reg_13029                 |   32|   0|   32|          0|
    |bitcast_ln25_240_reg_14114                |   32|   0|   32|          0|
    |bitcast_ln25_241_reg_14119                |   32|   0|   32|          0|
    |bitcast_ln25_242_reg_14124                |   32|   0|   32|          0|
    |bitcast_ln25_243_reg_14129                |   32|   0|   32|          0|
    |bitcast_ln25_244_reg_14134                |   32|   0|   32|          0|
    |bitcast_ln25_245_reg_14139                |   32|   0|   32|          0|
    |bitcast_ln25_246_reg_14144                |   32|   0|   32|          0|
    |bitcast_ln25_247_reg_14149                |   32|   0|   32|          0|
    |bitcast_ln25_248_reg_14154                |   32|   0|   32|          0|
    |bitcast_ln25_249_reg_14159                |   32|   0|   32|          0|
    |bitcast_ln25_24_reg_13034                 |   32|   0|   32|          0|
    |bitcast_ln25_250_reg_14164                |   32|   0|   32|          0|
    |bitcast_ln25_251_reg_14169                |   32|   0|   32|          0|
    |bitcast_ln25_252_reg_14174                |   32|   0|   32|          0|
    |bitcast_ln25_253_reg_14179                |   32|   0|   32|          0|
    |bitcast_ln25_254_reg_14184                |   32|   0|   32|          0|
    |bitcast_ln25_255_reg_14189                |   32|   0|   32|          0|
    |bitcast_ln25_256_reg_14194                |   32|   0|   32|          0|
    |bitcast_ln25_257_reg_14199                |   32|   0|   32|          0|
    |bitcast_ln25_258_reg_14204                |   32|   0|   32|          0|
    |bitcast_ln25_259_reg_14209                |   32|   0|   32|          0|
    |bitcast_ln25_25_reg_13039                 |   32|   0|   32|          0|
    |bitcast_ln25_260_reg_14214                |   32|   0|   32|          0|
    |bitcast_ln25_261_reg_14219                |   32|   0|   32|          0|
    |bitcast_ln25_262_reg_14224                |   32|   0|   32|          0|
    |bitcast_ln25_263_reg_14229                |   32|   0|   32|          0|
    |bitcast_ln25_264_reg_14234                |   32|   0|   32|          0|
    |bitcast_ln25_265_reg_14239                |   32|   0|   32|          0|
    |bitcast_ln25_266_reg_14244                |   32|   0|   32|          0|
    |bitcast_ln25_267_reg_14249                |   32|   0|   32|          0|
    |bitcast_ln25_268_reg_14254                |   32|   0|   32|          0|
    |bitcast_ln25_269_reg_14259                |   32|   0|   32|          0|
    |bitcast_ln25_26_reg_13044                 |   32|   0|   32|          0|
    |bitcast_ln25_270_reg_14264                |   32|   0|   32|          0|
    |bitcast_ln25_271_reg_14269                |   32|   0|   32|          0|
    |bitcast_ln25_272_reg_14274                |   32|   0|   32|          0|
    |bitcast_ln25_273_reg_14279                |   32|   0|   32|          0|
    |bitcast_ln25_274_reg_14284                |   32|   0|   32|          0|
    |bitcast_ln25_275_reg_14289                |   32|   0|   32|          0|
    |bitcast_ln25_276_reg_14294                |   32|   0|   32|          0|
    |bitcast_ln25_277_reg_14299                |   32|   0|   32|          0|
    |bitcast_ln25_278_reg_14304                |   32|   0|   32|          0|
    |bitcast_ln25_279_reg_14309                |   32|   0|   32|          0|
    |bitcast_ln25_27_reg_13049                 |   32|   0|   32|          0|
    |bitcast_ln25_280_reg_14314                |   32|   0|   32|          0|
    |bitcast_ln25_281_reg_14319                |   32|   0|   32|          0|
    |bitcast_ln25_282_reg_14324                |   32|   0|   32|          0|
    |bitcast_ln25_283_reg_14329                |   32|   0|   32|          0|
    |bitcast_ln25_284_reg_14334                |   32|   0|   32|          0|
    |bitcast_ln25_285_reg_14339                |   32|   0|   32|          0|
    |bitcast_ln25_286_reg_14344                |   32|   0|   32|          0|
    |bitcast_ln25_287_reg_14349                |   32|   0|   32|          0|
    |bitcast_ln25_288_reg_14354                |   32|   0|   32|          0|
    |bitcast_ln25_289_reg_14359                |   32|   0|   32|          0|
    |bitcast_ln25_28_reg_13054                 |   32|   0|   32|          0|
    |bitcast_ln25_290_reg_14364                |   32|   0|   32|          0|
    |bitcast_ln25_291_reg_14369                |   32|   0|   32|          0|
    |bitcast_ln25_292_reg_14374                |   32|   0|   32|          0|
    |bitcast_ln25_293_reg_14379                |   32|   0|   32|          0|
    |bitcast_ln25_294_reg_14384                |   32|   0|   32|          0|
    |bitcast_ln25_295_reg_14389                |   32|   0|   32|          0|
    |bitcast_ln25_296_reg_14394                |   32|   0|   32|          0|
    |bitcast_ln25_297_reg_14399                |   32|   0|   32|          0|
    |bitcast_ln25_298_reg_14404                |   32|   0|   32|          0|
    |bitcast_ln25_299_reg_14409                |   32|   0|   32|          0|
    |bitcast_ln25_29_reg_13059                 |   32|   0|   32|          0|
    |bitcast_ln25_2_reg_12924                  |   32|   0|   32|          0|
    |bitcast_ln25_300_reg_14414                |   32|   0|   32|          0|
    |bitcast_ln25_301_reg_14419                |   32|   0|   32|          0|
    |bitcast_ln25_302_reg_14424                |   32|   0|   32|          0|
    |bitcast_ln25_303_reg_14429                |   32|   0|   32|          0|
    |bitcast_ln25_304_reg_14434                |   32|   0|   32|          0|
    |bitcast_ln25_305_reg_14439                |   32|   0|   32|          0|
    |bitcast_ln25_306_reg_14444                |   32|   0|   32|          0|
    |bitcast_ln25_307_reg_14449                |   32|   0|   32|          0|
    |bitcast_ln25_308_reg_14454                |   32|   0|   32|          0|
    |bitcast_ln25_309_reg_14459                |   32|   0|   32|          0|
    |bitcast_ln25_30_reg_13064                 |   32|   0|   32|          0|
    |bitcast_ln25_310_reg_14464                |   32|   0|   32|          0|
    |bitcast_ln25_311_reg_14469                |   32|   0|   32|          0|
    |bitcast_ln25_312_reg_14474                |   32|   0|   32|          0|
    |bitcast_ln25_313_reg_14479                |   32|   0|   32|          0|
    |bitcast_ln25_314_reg_14484                |   32|   0|   32|          0|
    |bitcast_ln25_315_reg_14489                |   32|   0|   32|          0|
    |bitcast_ln25_316_reg_14494                |   32|   0|   32|          0|
    |bitcast_ln25_317_reg_14499                |   32|   0|   32|          0|
    |bitcast_ln25_318_reg_14504                |   32|   0|   32|          0|
    |bitcast_ln25_319_reg_14509                |   32|   0|   32|          0|
    |bitcast_ln25_31_reg_13069                 |   32|   0|   32|          0|
    |bitcast_ln25_320_reg_14514                |   32|   0|   32|          0|
    |bitcast_ln25_321_reg_14519                |   32|   0|   32|          0|
    |bitcast_ln25_322_reg_14524                |   32|   0|   32|          0|
    |bitcast_ln25_323_reg_14529                |   32|   0|   32|          0|
    |bitcast_ln25_324_reg_14534                |   32|   0|   32|          0|
    |bitcast_ln25_325_reg_14539                |   32|   0|   32|          0|
    |bitcast_ln25_326_reg_14544                |   32|   0|   32|          0|
    |bitcast_ln25_327_reg_14549                |   32|   0|   32|          0|
    |bitcast_ln25_328_reg_14554                |   32|   0|   32|          0|
    |bitcast_ln25_329_reg_14559                |   32|   0|   32|          0|
    |bitcast_ln25_32_reg_13074                 |   32|   0|   32|          0|
    |bitcast_ln25_330_reg_14564                |   32|   0|   32|          0|
    |bitcast_ln25_331_reg_14569                |   32|   0|   32|          0|
    |bitcast_ln25_332_reg_14574                |   32|   0|   32|          0|
    |bitcast_ln25_333_reg_14579                |   32|   0|   32|          0|
    |bitcast_ln25_334_reg_14584                |   32|   0|   32|          0|
    |bitcast_ln25_335_reg_14589                |   32|   0|   32|          0|
    |bitcast_ln25_336_reg_14594                |   32|   0|   32|          0|
    |bitcast_ln25_337_reg_14599                |   32|   0|   32|          0|
    |bitcast_ln25_338_reg_14604                |   32|   0|   32|          0|
    |bitcast_ln25_339_reg_14609                |   32|   0|   32|          0|
    |bitcast_ln25_33_reg_13079                 |   32|   0|   32|          0|
    |bitcast_ln25_340_reg_14614                |   32|   0|   32|          0|
    |bitcast_ln25_341_reg_14619                |   32|   0|   32|          0|
    |bitcast_ln25_342_reg_14624                |   32|   0|   32|          0|
    |bitcast_ln25_343_reg_14629                |   32|   0|   32|          0|
    |bitcast_ln25_344_reg_14634                |   32|   0|   32|          0|
    |bitcast_ln25_345_reg_14639                |   32|   0|   32|          0|
    |bitcast_ln25_346_reg_14644                |   32|   0|   32|          0|
    |bitcast_ln25_347_reg_14649                |   32|   0|   32|          0|
    |bitcast_ln25_348_reg_14654                |   32|   0|   32|          0|
    |bitcast_ln25_349_reg_14659                |   32|   0|   32|          0|
    |bitcast_ln25_34_reg_13084                 |   32|   0|   32|          0|
    |bitcast_ln25_350_reg_14664                |   32|   0|   32|          0|
    |bitcast_ln25_351_reg_14669                |   32|   0|   32|          0|
    |bitcast_ln25_352_reg_14674                |   32|   0|   32|          0|
    |bitcast_ln25_353_reg_14679                |   32|   0|   32|          0|
    |bitcast_ln25_354_reg_14684                |   32|   0|   32|          0|
    |bitcast_ln25_355_reg_14689                |   32|   0|   32|          0|
    |bitcast_ln25_356_reg_14694                |   32|   0|   32|          0|
    |bitcast_ln25_357_reg_14699                |   32|   0|   32|          0|
    |bitcast_ln25_358_reg_14704                |   32|   0|   32|          0|
    |bitcast_ln25_359_reg_14709                |   32|   0|   32|          0|
    |bitcast_ln25_35_reg_13089                 |   32|   0|   32|          0|
    |bitcast_ln25_360_reg_14714                |   32|   0|   32|          0|
    |bitcast_ln25_361_reg_14719                |   32|   0|   32|          0|
    |bitcast_ln25_362_reg_14724                |   32|   0|   32|          0|
    |bitcast_ln25_363_reg_14729                |   32|   0|   32|          0|
    |bitcast_ln25_364_reg_14734                |   32|   0|   32|          0|
    |bitcast_ln25_365_reg_14739                |   32|   0|   32|          0|
    |bitcast_ln25_366_reg_14744                |   32|   0|   32|          0|
    |bitcast_ln25_367_reg_14749                |   32|   0|   32|          0|
    |bitcast_ln25_368_reg_14754                |   32|   0|   32|          0|
    |bitcast_ln25_369_reg_14759                |   32|   0|   32|          0|
    |bitcast_ln25_36_reg_13094                 |   32|   0|   32|          0|
    |bitcast_ln25_370_reg_14764                |   32|   0|   32|          0|
    |bitcast_ln25_371_reg_14769                |   32|   0|   32|          0|
    |bitcast_ln25_372_reg_14774                |   32|   0|   32|          0|
    |bitcast_ln25_373_reg_14779                |   32|   0|   32|          0|
    |bitcast_ln25_374_reg_14784                |   32|   0|   32|          0|
    |bitcast_ln25_375_reg_14789                |   32|   0|   32|          0|
    |bitcast_ln25_376_reg_14794                |   32|   0|   32|          0|
    |bitcast_ln25_377_reg_14799                |   32|   0|   32|          0|
    |bitcast_ln25_378_reg_14804                |   32|   0|   32|          0|
    |bitcast_ln25_379_reg_14809                |   32|   0|   32|          0|
    |bitcast_ln25_37_reg_13099                 |   32|   0|   32|          0|
    |bitcast_ln25_380_reg_14814                |   32|   0|   32|          0|
    |bitcast_ln25_381_reg_14819                |   32|   0|   32|          0|
    |bitcast_ln25_382_reg_14824                |   32|   0|   32|          0|
    |bitcast_ln25_383_reg_14829                |   32|   0|   32|          0|
    |bitcast_ln25_384_reg_14834                |   32|   0|   32|          0|
    |bitcast_ln25_385_reg_14839                |   32|   0|   32|          0|
    |bitcast_ln25_386_reg_14844                |   32|   0|   32|          0|
    |bitcast_ln25_387_reg_14849                |   32|   0|   32|          0|
    |bitcast_ln25_388_reg_14854                |   32|   0|   32|          0|
    |bitcast_ln25_389_reg_14859                |   32|   0|   32|          0|
    |bitcast_ln25_38_reg_13104                 |   32|   0|   32|          0|
    |bitcast_ln25_390_reg_14864                |   32|   0|   32|          0|
    |bitcast_ln25_391_reg_14869                |   32|   0|   32|          0|
    |bitcast_ln25_392_reg_14874                |   32|   0|   32|          0|
    |bitcast_ln25_393_reg_14879                |   32|   0|   32|          0|
    |bitcast_ln25_394_reg_14884                |   32|   0|   32|          0|
    |bitcast_ln25_395_reg_14889                |   32|   0|   32|          0|
    |bitcast_ln25_396_reg_14894                |   32|   0|   32|          0|
    |bitcast_ln25_397_reg_14899                |   32|   0|   32|          0|
    |bitcast_ln25_398_reg_14904                |   32|   0|   32|          0|
    |bitcast_ln25_399_reg_14909                |   32|   0|   32|          0|
    |bitcast_ln25_39_reg_13109                 |   32|   0|   32|          0|
    |bitcast_ln25_3_reg_12929                  |   32|   0|   32|          0|
    |bitcast_ln25_400_reg_14914                |   32|   0|   32|          0|
    |bitcast_ln25_401_reg_14919                |   32|   0|   32|          0|
    |bitcast_ln25_402_reg_14924                |   32|   0|   32|          0|
    |bitcast_ln25_403_reg_14929                |   32|   0|   32|          0|
    |bitcast_ln25_404_reg_14934                |   32|   0|   32|          0|
    |bitcast_ln25_405_reg_14939                |   32|   0|   32|          0|
    |bitcast_ln25_406_reg_14944                |   32|   0|   32|          0|
    |bitcast_ln25_407_reg_14949                |   32|   0|   32|          0|
    |bitcast_ln25_408_reg_14954                |   32|   0|   32|          0|
    |bitcast_ln25_409_reg_14959                |   32|   0|   32|          0|
    |bitcast_ln25_40_reg_13114                 |   32|   0|   32|          0|
    |bitcast_ln25_410_reg_14964                |   32|   0|   32|          0|
    |bitcast_ln25_411_reg_14969                |   32|   0|   32|          0|
    |bitcast_ln25_412_reg_14974                |   32|   0|   32|          0|
    |bitcast_ln25_413_reg_14979                |   32|   0|   32|          0|
    |bitcast_ln25_414_reg_14984                |   32|   0|   32|          0|
    |bitcast_ln25_415_reg_14989                |   32|   0|   32|          0|
    |bitcast_ln25_416_reg_14994                |   32|   0|   32|          0|
    |bitcast_ln25_417_reg_14999                |   32|   0|   32|          0|
    |bitcast_ln25_418_reg_15004                |   32|   0|   32|          0|
    |bitcast_ln25_419_reg_15009                |   32|   0|   32|          0|
    |bitcast_ln25_41_reg_13119                 |   32|   0|   32|          0|
    |bitcast_ln25_420_reg_15014                |   32|   0|   32|          0|
    |bitcast_ln25_421_reg_15019                |   32|   0|   32|          0|
    |bitcast_ln25_422_reg_15024                |   32|   0|   32|          0|
    |bitcast_ln25_423_reg_15029                |   32|   0|   32|          0|
    |bitcast_ln25_424_reg_15034                |   32|   0|   32|          0|
    |bitcast_ln25_425_reg_15039                |   32|   0|   32|          0|
    |bitcast_ln25_426_reg_15044                |   32|   0|   32|          0|
    |bitcast_ln25_427_reg_15049                |   32|   0|   32|          0|
    |bitcast_ln25_428_reg_15054                |   32|   0|   32|          0|
    |bitcast_ln25_429_reg_15059                |   32|   0|   32|          0|
    |bitcast_ln25_42_reg_13124                 |   32|   0|   32|          0|
    |bitcast_ln25_430_reg_15064                |   32|   0|   32|          0|
    |bitcast_ln25_431_reg_15069                |   32|   0|   32|          0|
    |bitcast_ln25_432_reg_15074                |   32|   0|   32|          0|
    |bitcast_ln25_433_reg_15079                |   32|   0|   32|          0|
    |bitcast_ln25_434_reg_15084                |   32|   0|   32|          0|
    |bitcast_ln25_435_reg_15089                |   32|   0|   32|          0|
    |bitcast_ln25_436_reg_15094                |   32|   0|   32|          0|
    |bitcast_ln25_437_reg_15099                |   32|   0|   32|          0|
    |bitcast_ln25_438_reg_15104                |   32|   0|   32|          0|
    |bitcast_ln25_439_reg_15109                |   32|   0|   32|          0|
    |bitcast_ln25_43_reg_13129                 |   32|   0|   32|          0|
    |bitcast_ln25_440_reg_15114                |   32|   0|   32|          0|
    |bitcast_ln25_441_reg_15119                |   32|   0|   32|          0|
    |bitcast_ln25_442_reg_15124                |   32|   0|   32|          0|
    |bitcast_ln25_443_reg_15129                |   32|   0|   32|          0|
    |bitcast_ln25_444_reg_15134                |   32|   0|   32|          0|
    |bitcast_ln25_445_reg_15139                |   32|   0|   32|          0|
    |bitcast_ln25_446_reg_15144                |   32|   0|   32|          0|
    |bitcast_ln25_447_reg_15149                |   32|   0|   32|          0|
    |bitcast_ln25_448_reg_15154                |   32|   0|   32|          0|
    |bitcast_ln25_449_reg_15159                |   32|   0|   32|          0|
    |bitcast_ln25_44_reg_13134                 |   32|   0|   32|          0|
    |bitcast_ln25_450_reg_15164                |   32|   0|   32|          0|
    |bitcast_ln25_451_reg_15169                |   32|   0|   32|          0|
    |bitcast_ln25_452_reg_15174                |   32|   0|   32|          0|
    |bitcast_ln25_453_reg_15179                |   32|   0|   32|          0|
    |bitcast_ln25_454_reg_15184                |   32|   0|   32|          0|
    |bitcast_ln25_455_reg_15189                |   32|   0|   32|          0|
    |bitcast_ln25_456_reg_15194                |   32|   0|   32|          0|
    |bitcast_ln25_457_reg_15199                |   32|   0|   32|          0|
    |bitcast_ln25_458_reg_15204                |   32|   0|   32|          0|
    |bitcast_ln25_459_reg_15209                |   32|   0|   32|          0|
    |bitcast_ln25_45_reg_13139                 |   32|   0|   32|          0|
    |bitcast_ln25_460_reg_15214                |   32|   0|   32|          0|
    |bitcast_ln25_461_reg_15219                |   32|   0|   32|          0|
    |bitcast_ln25_462_reg_15224                |   32|   0|   32|          0|
    |bitcast_ln25_463_reg_15229                |   32|   0|   32|          0|
    |bitcast_ln25_464_reg_15234                |   32|   0|   32|          0|
    |bitcast_ln25_465_reg_15239                |   32|   0|   32|          0|
    |bitcast_ln25_466_reg_15244                |   32|   0|   32|          0|
    |bitcast_ln25_467_reg_15249                |   32|   0|   32|          0|
    |bitcast_ln25_468_reg_15254                |   32|   0|   32|          0|
    |bitcast_ln25_469_reg_15259                |   32|   0|   32|          0|
    |bitcast_ln25_46_reg_13144                 |   32|   0|   32|          0|
    |bitcast_ln25_470_reg_15264                |   32|   0|   32|          0|
    |bitcast_ln25_471_reg_15269                |   32|   0|   32|          0|
    |bitcast_ln25_472_reg_15274                |   32|   0|   32|          0|
    |bitcast_ln25_473_reg_15279                |   32|   0|   32|          0|
    |bitcast_ln25_474_reg_15284                |   32|   0|   32|          0|
    |bitcast_ln25_475_reg_15289                |   32|   0|   32|          0|
    |bitcast_ln25_476_reg_15294                |   32|   0|   32|          0|
    |bitcast_ln25_477_reg_15299                |   32|   0|   32|          0|
    |bitcast_ln25_478_reg_15304                |   32|   0|   32|          0|
    |bitcast_ln25_479_reg_15309                |   32|   0|   32|          0|
    |bitcast_ln25_47_reg_13149                 |   32|   0|   32|          0|
    |bitcast_ln25_480_reg_15314                |   32|   0|   32|          0|
    |bitcast_ln25_481_reg_15319                |   32|   0|   32|          0|
    |bitcast_ln25_482_reg_15324                |   32|   0|   32|          0|
    |bitcast_ln25_483_reg_15329                |   32|   0|   32|          0|
    |bitcast_ln25_484_reg_15334                |   32|   0|   32|          0|
    |bitcast_ln25_485_reg_15339                |   32|   0|   32|          0|
    |bitcast_ln25_486_reg_15344                |   32|   0|   32|          0|
    |bitcast_ln25_487_reg_15349                |   32|   0|   32|          0|
    |bitcast_ln25_488_reg_15354                |   32|   0|   32|          0|
    |bitcast_ln25_489_reg_15359                |   32|   0|   32|          0|
    |bitcast_ln25_48_reg_13154                 |   32|   0|   32|          0|
    |bitcast_ln25_490_reg_15364                |   32|   0|   32|          0|
    |bitcast_ln25_491_reg_15369                |   32|   0|   32|          0|
    |bitcast_ln25_492_reg_15374                |   32|   0|   32|          0|
    |bitcast_ln25_493_reg_15379                |   32|   0|   32|          0|
    |bitcast_ln25_494_reg_15384                |   32|   0|   32|          0|
    |bitcast_ln25_495_reg_15389                |   32|   0|   32|          0|
    |bitcast_ln25_496_reg_15394                |   32|   0|   32|          0|
    |bitcast_ln25_497_reg_15399                |   32|   0|   32|          0|
    |bitcast_ln25_498_reg_15404                |   32|   0|   32|          0|
    |bitcast_ln25_499_reg_15409                |   32|   0|   32|          0|
    |bitcast_ln25_49_reg_13159                 |   32|   0|   32|          0|
    |bitcast_ln25_4_reg_12934                  |   32|   0|   32|          0|
    |bitcast_ln25_500_reg_15414                |   32|   0|   32|          0|
    |bitcast_ln25_501_reg_15419                |   32|   0|   32|          0|
    |bitcast_ln25_502_reg_15424                |   32|   0|   32|          0|
    |bitcast_ln25_503_reg_15429                |   32|   0|   32|          0|
    |bitcast_ln25_504_reg_15434                |   32|   0|   32|          0|
    |bitcast_ln25_505_reg_15439                |   32|   0|   32|          0|
    |bitcast_ln25_506_reg_15444                |   32|   0|   32|          0|
    |bitcast_ln25_507_reg_15449                |   32|   0|   32|          0|
    |bitcast_ln25_508_reg_15454                |   32|   0|   32|          0|
    |bitcast_ln25_509_reg_15459                |   32|   0|   32|          0|
    |bitcast_ln25_50_reg_13164                 |   32|   0|   32|          0|
    |bitcast_ln25_510_reg_15464                |   32|   0|   32|          0|
    |bitcast_ln25_511_reg_15469                |   32|   0|   32|          0|
    |bitcast_ln25_51_reg_13169                 |   32|   0|   32|          0|
    |bitcast_ln25_52_reg_13174                 |   32|   0|   32|          0|
    |bitcast_ln25_53_reg_13179                 |   32|   0|   32|          0|
    |bitcast_ln25_54_reg_13184                 |   32|   0|   32|          0|
    |bitcast_ln25_55_reg_13189                 |   32|   0|   32|          0|
    |bitcast_ln25_56_reg_13194                 |   32|   0|   32|          0|
    |bitcast_ln25_57_reg_13199                 |   32|   0|   32|          0|
    |bitcast_ln25_58_reg_13204                 |   32|   0|   32|          0|
    |bitcast_ln25_59_reg_13209                 |   32|   0|   32|          0|
    |bitcast_ln25_5_reg_12939                  |   32|   0|   32|          0|
    |bitcast_ln25_60_reg_13214                 |   32|   0|   32|          0|
    |bitcast_ln25_61_reg_13219                 |   32|   0|   32|          0|
    |bitcast_ln25_62_reg_13224                 |   32|   0|   32|          0|
    |bitcast_ln25_63_reg_13229                 |   32|   0|   32|          0|
    |bitcast_ln25_64_reg_13234                 |   32|   0|   32|          0|
    |bitcast_ln25_65_reg_13239                 |   32|   0|   32|          0|
    |bitcast_ln25_66_reg_13244                 |   32|   0|   32|          0|
    |bitcast_ln25_67_reg_13249                 |   32|   0|   32|          0|
    |bitcast_ln25_68_reg_13254                 |   32|   0|   32|          0|
    |bitcast_ln25_69_reg_13259                 |   32|   0|   32|          0|
    |bitcast_ln25_6_reg_12944                  |   32|   0|   32|          0|
    |bitcast_ln25_70_reg_13264                 |   32|   0|   32|          0|
    |bitcast_ln25_71_reg_13269                 |   32|   0|   32|          0|
    |bitcast_ln25_72_reg_13274                 |   32|   0|   32|          0|
    |bitcast_ln25_73_reg_13279                 |   32|   0|   32|          0|
    |bitcast_ln25_74_reg_13284                 |   32|   0|   32|          0|
    |bitcast_ln25_75_reg_13289                 |   32|   0|   32|          0|
    |bitcast_ln25_76_reg_13294                 |   32|   0|   32|          0|
    |bitcast_ln25_77_reg_13299                 |   32|   0|   32|          0|
    |bitcast_ln25_78_reg_13304                 |   32|   0|   32|          0|
    |bitcast_ln25_79_reg_13309                 |   32|   0|   32|          0|
    |bitcast_ln25_7_reg_12949                  |   32|   0|   32|          0|
    |bitcast_ln25_80_reg_13314                 |   32|   0|   32|          0|
    |bitcast_ln25_81_reg_13319                 |   32|   0|   32|          0|
    |bitcast_ln25_82_reg_13324                 |   32|   0|   32|          0|
    |bitcast_ln25_83_reg_13329                 |   32|   0|   32|          0|
    |bitcast_ln25_84_reg_13334                 |   32|   0|   32|          0|
    |bitcast_ln25_85_reg_13339                 |   32|   0|   32|          0|
    |bitcast_ln25_86_reg_13344                 |   32|   0|   32|          0|
    |bitcast_ln25_87_reg_13349                 |   32|   0|   32|          0|
    |bitcast_ln25_88_reg_13354                 |   32|   0|   32|          0|
    |bitcast_ln25_89_reg_13359                 |   32|   0|   32|          0|
    |bitcast_ln25_8_reg_12954                  |   32|   0|   32|          0|
    |bitcast_ln25_90_reg_13364                 |   32|   0|   32|          0|
    |bitcast_ln25_91_reg_13369                 |   32|   0|   32|          0|
    |bitcast_ln25_92_reg_13374                 |   32|   0|   32|          0|
    |bitcast_ln25_93_reg_13379                 |   32|   0|   32|          0|
    |bitcast_ln25_94_reg_13384                 |   32|   0|   32|          0|
    |bitcast_ln25_95_reg_13389                 |   32|   0|   32|          0|
    |bitcast_ln25_96_reg_13394                 |   32|   0|   32|          0|
    |bitcast_ln25_97_reg_13399                 |   32|   0|   32|          0|
    |bitcast_ln25_98_reg_13404                 |   32|   0|   32|          0|
    |bitcast_ln25_99_reg_13409                 |   32|   0|   32|          0|
    |bitcast_ln25_9_reg_12959                  |   32|   0|   32|          0|
    |bitcast_ln25_reg_12542                    |   32|   0|   32|          0|
    |grp_dft_Pipeline_1_fu_5182_ap_start_reg   |    1|   0|    1|          0|
    |grp_dft_Pipeline_2_fu_5188_ap_start_reg   |    1|   0|    1|          0|
    |grp_dft_Pipeline_4_fu_5716_ap_start_reg   |    1|   0|    1|          0|
    |grp_dft_Pipeline_5_fu_5723_ap_start_reg   |    1|   0|    1|          0|
    |grp_dft_Pipeline_L1_fu_5194_ap_start_reg  |    1|   0|    1|          0|
    |imag_sample_load_100_reg_9827             |   32|   0|   32|          0|
    |imag_sample_load_101_reg_9837             |   32|   0|   32|          0|
    |imag_sample_load_102_reg_9867             |   32|   0|   32|          0|
    |imag_sample_load_103_reg_9877             |   32|   0|   32|          0|
    |imag_sample_load_104_reg_9907             |   32|   0|   32|          0|
    |imag_sample_load_105_reg_9917             |   32|   0|   32|          0|
    |imag_sample_load_106_reg_9947             |   32|   0|   32|          0|
    |imag_sample_load_107_reg_9957             |   32|   0|   32|          0|
    |imag_sample_load_108_reg_9987             |   32|   0|   32|          0|
    |imag_sample_load_109_reg_9997             |   32|   0|   32|          0|
    |imag_sample_load_10_reg_8027              |   32|   0|   32|          0|
    |imag_sample_load_110_reg_10027            |   32|   0|   32|          0|
    |imag_sample_load_111_reg_10037            |   32|   0|   32|          0|
    |imag_sample_load_112_reg_10067            |   32|   0|   32|          0|
    |imag_sample_load_113_reg_10077            |   32|   0|   32|          0|
    |imag_sample_load_114_reg_10107            |   32|   0|   32|          0|
    |imag_sample_load_115_reg_10117            |   32|   0|   32|          0|
    |imag_sample_load_116_reg_10147            |   32|   0|   32|          0|
    |imag_sample_load_117_reg_10157            |   32|   0|   32|          0|
    |imag_sample_load_118_reg_10187            |   32|   0|   32|          0|
    |imag_sample_load_119_reg_10197            |   32|   0|   32|          0|
    |imag_sample_load_11_reg_8037              |   32|   0|   32|          0|
    |imag_sample_load_120_reg_10227            |   32|   0|   32|          0|
    |imag_sample_load_121_reg_10237            |   32|   0|   32|          0|
    |imag_sample_load_122_reg_10267            |   32|   0|   32|          0|
    |imag_sample_load_123_reg_10277            |   32|   0|   32|          0|
    |imag_sample_load_124_reg_10307            |   32|   0|   32|          0|
    |imag_sample_load_125_reg_10317            |   32|   0|   32|          0|
    |imag_sample_load_126_reg_10347            |   32|   0|   32|          0|
    |imag_sample_load_127_reg_10357            |   32|   0|   32|          0|
    |imag_sample_load_128_reg_10387            |   32|   0|   32|          0|
    |imag_sample_load_129_reg_10397            |   32|   0|   32|          0|
    |imag_sample_load_12_reg_8067              |   32|   0|   32|          0|
    |imag_sample_load_130_reg_10427            |   32|   0|   32|          0|
    |imag_sample_load_131_reg_10437            |   32|   0|   32|          0|
    |imag_sample_load_132_reg_10467            |   32|   0|   32|          0|
    |imag_sample_load_133_reg_10477            |   32|   0|   32|          0|
    |imag_sample_load_134_reg_10507            |   32|   0|   32|          0|
    |imag_sample_load_135_reg_10517            |   32|   0|   32|          0|
    |imag_sample_load_136_reg_10547            |   32|   0|   32|          0|
    |imag_sample_load_137_reg_10557            |   32|   0|   32|          0|
    |imag_sample_load_138_reg_10587            |   32|   0|   32|          0|
    |imag_sample_load_139_reg_10597            |   32|   0|   32|          0|
    |imag_sample_load_13_reg_8077              |   32|   0|   32|          0|
    |imag_sample_load_140_reg_10627            |   32|   0|   32|          0|
    |imag_sample_load_141_reg_10637            |   32|   0|   32|          0|
    |imag_sample_load_142_reg_10667            |   32|   0|   32|          0|
    |imag_sample_load_143_reg_10677            |   32|   0|   32|          0|
    |imag_sample_load_144_reg_10707            |   32|   0|   32|          0|
    |imag_sample_load_145_reg_10717            |   32|   0|   32|          0|
    |imag_sample_load_146_reg_10747            |   32|   0|   32|          0|
    |imag_sample_load_147_reg_10757            |   32|   0|   32|          0|
    |imag_sample_load_148_reg_10787            |   32|   0|   32|          0|
    |imag_sample_load_149_reg_10797            |   32|   0|   32|          0|
    |imag_sample_load_14_reg_8107              |   32|   0|   32|          0|
    |imag_sample_load_150_reg_10827            |   32|   0|   32|          0|
    |imag_sample_load_151_reg_10837            |   32|   0|   32|          0|
    |imag_sample_load_152_reg_10867            |   32|   0|   32|          0|
    |imag_sample_load_153_reg_10877            |   32|   0|   32|          0|
    |imag_sample_load_154_reg_10907            |   32|   0|   32|          0|
    |imag_sample_load_155_reg_10917            |   32|   0|   32|          0|
    |imag_sample_load_156_reg_10947            |   32|   0|   32|          0|
    |imag_sample_load_157_reg_10957            |   32|   0|   32|          0|
    |imag_sample_load_158_reg_10987            |   32|   0|   32|          0|
    |imag_sample_load_159_reg_10997            |   32|   0|   32|          0|
    |imag_sample_load_15_reg_8117              |   32|   0|   32|          0|
    |imag_sample_load_160_reg_11027            |   32|   0|   32|          0|
    |imag_sample_load_161_reg_11037            |   32|   0|   32|          0|
    |imag_sample_load_162_reg_11067            |   32|   0|   32|          0|
    |imag_sample_load_163_reg_11077            |   32|   0|   32|          0|
    |imag_sample_load_164_reg_11107            |   32|   0|   32|          0|
    |imag_sample_load_165_reg_11117            |   32|   0|   32|          0|
    |imag_sample_load_166_reg_11147            |   32|   0|   32|          0|
    |imag_sample_load_167_reg_11157            |   32|   0|   32|          0|
    |imag_sample_load_168_reg_11187            |   32|   0|   32|          0|
    |imag_sample_load_169_reg_11197            |   32|   0|   32|          0|
    |imag_sample_load_16_reg_8147              |   32|   0|   32|          0|
    |imag_sample_load_170_reg_11227            |   32|   0|   32|          0|
    |imag_sample_load_171_reg_11237            |   32|   0|   32|          0|
    |imag_sample_load_172_reg_11267            |   32|   0|   32|          0|
    |imag_sample_load_173_reg_11277            |   32|   0|   32|          0|
    |imag_sample_load_174_reg_11307            |   32|   0|   32|          0|
    |imag_sample_load_175_reg_11317            |   32|   0|   32|          0|
    |imag_sample_load_176_reg_11347            |   32|   0|   32|          0|
    |imag_sample_load_177_reg_11357            |   32|   0|   32|          0|
    |imag_sample_load_178_reg_11387            |   32|   0|   32|          0|
    |imag_sample_load_179_reg_11397            |   32|   0|   32|          0|
    |imag_sample_load_17_reg_8157              |   32|   0|   32|          0|
    |imag_sample_load_180_reg_11427            |   32|   0|   32|          0|
    |imag_sample_load_181_reg_11437            |   32|   0|   32|          0|
    |imag_sample_load_182_reg_11467            |   32|   0|   32|          0|
    |imag_sample_load_183_reg_11477            |   32|   0|   32|          0|
    |imag_sample_load_184_reg_11507            |   32|   0|   32|          0|
    |imag_sample_load_185_reg_11517            |   32|   0|   32|          0|
    |imag_sample_load_186_reg_11547            |   32|   0|   32|          0|
    |imag_sample_load_187_reg_11557            |   32|   0|   32|          0|
    |imag_sample_load_188_reg_11587            |   32|   0|   32|          0|
    |imag_sample_load_189_reg_11597            |   32|   0|   32|          0|
    |imag_sample_load_18_reg_8187              |   32|   0|   32|          0|
    |imag_sample_load_190_reg_11627            |   32|   0|   32|          0|
    |imag_sample_load_191_reg_11637            |   32|   0|   32|          0|
    |imag_sample_load_192_reg_11667            |   32|   0|   32|          0|
    |imag_sample_load_193_reg_11677            |   32|   0|   32|          0|
    |imag_sample_load_194_reg_11707            |   32|   0|   32|          0|
    |imag_sample_load_195_reg_11717            |   32|   0|   32|          0|
    |imag_sample_load_196_reg_11747            |   32|   0|   32|          0|
    |imag_sample_load_197_reg_11757            |   32|   0|   32|          0|
    |imag_sample_load_198_reg_11787            |   32|   0|   32|          0|
    |imag_sample_load_199_reg_11797            |   32|   0|   32|          0|
    |imag_sample_load_19_reg_8197              |   32|   0|   32|          0|
    |imag_sample_load_1_reg_7837               |   32|   0|   32|          0|
    |imag_sample_load_200_reg_11827            |   32|   0|   32|          0|
    |imag_sample_load_201_reg_11837            |   32|   0|   32|          0|
    |imag_sample_load_202_reg_11867            |   32|   0|   32|          0|
    |imag_sample_load_203_reg_11877            |   32|   0|   32|          0|
    |imag_sample_load_204_reg_11907            |   32|   0|   32|          0|
    |imag_sample_load_205_reg_11917            |   32|   0|   32|          0|
    |imag_sample_load_206_reg_11947            |   32|   0|   32|          0|
    |imag_sample_load_207_reg_11957            |   32|   0|   32|          0|
    |imag_sample_load_208_reg_11987            |   32|   0|   32|          0|
    |imag_sample_load_209_reg_11997            |   32|   0|   32|          0|
    |imag_sample_load_20_reg_8227              |   32|   0|   32|          0|
    |imag_sample_load_210_reg_12027            |   32|   0|   32|          0|
    |imag_sample_load_211_reg_12037            |   32|   0|   32|          0|
    |imag_sample_load_212_reg_12067            |   32|   0|   32|          0|
    |imag_sample_load_213_reg_12077            |   32|   0|   32|          0|
    |imag_sample_load_214_reg_12107            |   32|   0|   32|          0|
    |imag_sample_load_215_reg_12117            |   32|   0|   32|          0|
    |imag_sample_load_216_reg_12147            |   32|   0|   32|          0|
    |imag_sample_load_217_reg_12157            |   32|   0|   32|          0|
    |imag_sample_load_218_reg_12187            |   32|   0|   32|          0|
    |imag_sample_load_219_reg_12197            |   32|   0|   32|          0|
    |imag_sample_load_21_reg_8237              |   32|   0|   32|          0|
    |imag_sample_load_220_reg_12227            |   32|   0|   32|          0|
    |imag_sample_load_221_reg_12237            |   32|   0|   32|          0|
    |imag_sample_load_222_reg_12267            |   32|   0|   32|          0|
    |imag_sample_load_223_reg_12277            |   32|   0|   32|          0|
    |imag_sample_load_224_reg_12307            |   32|   0|   32|          0|
    |imag_sample_load_225_reg_12317            |   32|   0|   32|          0|
    |imag_sample_load_226_reg_12347            |   32|   0|   32|          0|
    |imag_sample_load_227_reg_12357            |   32|   0|   32|          0|
    |imag_sample_load_228_reg_12387            |   32|   0|   32|          0|
    |imag_sample_load_229_reg_12397            |   32|   0|   32|          0|
    |imag_sample_load_22_reg_8267              |   32|   0|   32|          0|
    |imag_sample_load_230_reg_12427            |   32|   0|   32|          0|
    |imag_sample_load_231_reg_12437            |   32|   0|   32|          0|
    |imag_sample_load_232_reg_12467            |   32|   0|   32|          0|
    |imag_sample_load_233_reg_12477            |   32|   0|   32|          0|
    |imag_sample_load_234_reg_12507            |   32|   0|   32|          0|
    |imag_sample_load_235_reg_12517            |   32|   0|   32|          0|
    |imag_sample_load_237_reg_12559            |   32|   0|   32|          0|
    |imag_sample_load_238_reg_12589            |   32|   0|   32|          0|
    |imag_sample_load_239_reg_12599            |   32|   0|   32|          0|
    |imag_sample_load_23_reg_8277              |   32|   0|   32|          0|
    |imag_sample_load_240_reg_12629            |   32|   0|   32|          0|
    |imag_sample_load_241_reg_12639            |   32|   0|   32|          0|
    |imag_sample_load_242_reg_12679            |   32|   0|   32|          0|
    |imag_sample_load_243_reg_12689            |   32|   0|   32|          0|
    |imag_sample_load_244_reg_12719            |   32|   0|   32|          0|
    |imag_sample_load_245_reg_12729            |   32|   0|   32|          0|
    |imag_sample_load_246_reg_12759            |   32|   0|   32|          0|
    |imag_sample_load_247_reg_12769            |   32|   0|   32|          0|
    |imag_sample_load_248_reg_12799            |   32|   0|   32|          0|
    |imag_sample_load_249_reg_12809            |   32|   0|   32|          0|
    |imag_sample_load_24_reg_8307              |   32|   0|   32|          0|
    |imag_sample_load_250_reg_12839            |   32|   0|   32|          0|
    |imag_sample_load_251_reg_12849            |   32|   0|   32|          0|
    |imag_sample_load_252_reg_12889            |   32|   0|   32|          0|
    |imag_sample_load_253_reg_12899            |   32|   0|   32|          0|
    |imag_sample_load_25_reg_8317              |   32|   0|   32|          0|
    |imag_sample_load_26_reg_8347              |   32|   0|   32|          0|
    |imag_sample_load_27_reg_8357              |   32|   0|   32|          0|
    |imag_sample_load_28_reg_8387              |   32|   0|   32|          0|
    |imag_sample_load_29_reg_8397              |   32|   0|   32|          0|
    |imag_sample_load_2_reg_7867               |   32|   0|   32|          0|
    |imag_sample_load_30_reg_8427              |   32|   0|   32|          0|
    |imag_sample_load_31_reg_8437              |   32|   0|   32|          0|
    |imag_sample_load_32_reg_8467              |   32|   0|   32|          0|
    |imag_sample_load_33_reg_8477              |   32|   0|   32|          0|
    |imag_sample_load_34_reg_8507              |   32|   0|   32|          0|
    |imag_sample_load_35_reg_8517              |   32|   0|   32|          0|
    |imag_sample_load_36_reg_8547              |   32|   0|   32|          0|
    |imag_sample_load_37_reg_8557              |   32|   0|   32|          0|
    |imag_sample_load_38_reg_8587              |   32|   0|   32|          0|
    |imag_sample_load_39_reg_8597              |   32|   0|   32|          0|
    |imag_sample_load_3_reg_7877               |   32|   0|   32|          0|
    |imag_sample_load_40_reg_8627              |   32|   0|   32|          0|
    |imag_sample_load_41_reg_8637              |   32|   0|   32|          0|
    |imag_sample_load_42_reg_8667              |   32|   0|   32|          0|
    |imag_sample_load_43_reg_8677              |   32|   0|   32|          0|
    |imag_sample_load_44_reg_8707              |   32|   0|   32|          0|
    |imag_sample_load_45_reg_8717              |   32|   0|   32|          0|
    |imag_sample_load_46_reg_8747              |   32|   0|   32|          0|
    |imag_sample_load_47_reg_8757              |   32|   0|   32|          0|
    |imag_sample_load_48_reg_8787              |   32|   0|   32|          0|
    |imag_sample_load_49_reg_8797              |   32|   0|   32|          0|
    |imag_sample_load_4_reg_7907               |   32|   0|   32|          0|
    |imag_sample_load_50_reg_8827              |   32|   0|   32|          0|
    |imag_sample_load_51_reg_8837              |   32|   0|   32|          0|
    |imag_sample_load_52_reg_8867              |   32|   0|   32|          0|
    |imag_sample_load_53_reg_8877              |   32|   0|   32|          0|
    |imag_sample_load_54_reg_8907              |   32|   0|   32|          0|
    |imag_sample_load_55_reg_8917              |   32|   0|   32|          0|
    |imag_sample_load_56_reg_8947              |   32|   0|   32|          0|
    |imag_sample_load_57_reg_8957              |   32|   0|   32|          0|
    |imag_sample_load_58_reg_8987              |   32|   0|   32|          0|
    |imag_sample_load_59_reg_8997              |   32|   0|   32|          0|
    |imag_sample_load_5_reg_7917               |   32|   0|   32|          0|
    |imag_sample_load_60_reg_9027              |   32|   0|   32|          0|
    |imag_sample_load_61_reg_9037              |   32|   0|   32|          0|
    |imag_sample_load_62_reg_9067              |   32|   0|   32|          0|
    |imag_sample_load_63_reg_9077              |   32|   0|   32|          0|
    |imag_sample_load_64_reg_9107              |   32|   0|   32|          0|
    |imag_sample_load_65_reg_9117              |   32|   0|   32|          0|
    |imag_sample_load_66_reg_9147              |   32|   0|   32|          0|
    |imag_sample_load_67_reg_9157              |   32|   0|   32|          0|
    |imag_sample_load_68_reg_9187              |   32|   0|   32|          0|
    |imag_sample_load_69_reg_9197              |   32|   0|   32|          0|
    |imag_sample_load_6_reg_7947               |   32|   0|   32|          0|
    |imag_sample_load_70_reg_9227              |   32|   0|   32|          0|
    |imag_sample_load_71_reg_9237              |   32|   0|   32|          0|
    |imag_sample_load_72_reg_9267              |   32|   0|   32|          0|
    |imag_sample_load_73_reg_9277              |   32|   0|   32|          0|
    |imag_sample_load_74_reg_9307              |   32|   0|   32|          0|
    |imag_sample_load_75_reg_9317              |   32|   0|   32|          0|
    |imag_sample_load_76_reg_9347              |   32|   0|   32|          0|
    |imag_sample_load_77_reg_9357              |   32|   0|   32|          0|
    |imag_sample_load_78_reg_9387              |   32|   0|   32|          0|
    |imag_sample_load_79_reg_9397              |   32|   0|   32|          0|
    |imag_sample_load_7_reg_7957               |   32|   0|   32|          0|
    |imag_sample_load_80_reg_9427              |   32|   0|   32|          0|
    |imag_sample_load_81_reg_9437              |   32|   0|   32|          0|
    |imag_sample_load_82_reg_9467              |   32|   0|   32|          0|
    |imag_sample_load_83_reg_9477              |   32|   0|   32|          0|
    |imag_sample_load_84_reg_9507              |   32|   0|   32|          0|
    |imag_sample_load_85_reg_9517              |   32|   0|   32|          0|
    |imag_sample_load_86_reg_9547              |   32|   0|   32|          0|
    |imag_sample_load_87_reg_9557              |   32|   0|   32|          0|
    |imag_sample_load_88_reg_9587              |   32|   0|   32|          0|
    |imag_sample_load_89_reg_9597              |   32|   0|   32|          0|
    |imag_sample_load_8_reg_7987               |   32|   0|   32|          0|
    |imag_sample_load_90_reg_9627              |   32|   0|   32|          0|
    |imag_sample_load_91_reg_9637              |   32|   0|   32|          0|
    |imag_sample_load_92_reg_9667              |   32|   0|   32|          0|
    |imag_sample_load_93_reg_9677              |   32|   0|   32|          0|
    |imag_sample_load_94_reg_9707              |   32|   0|   32|          0|
    |imag_sample_load_95_reg_9717              |   32|   0|   32|          0|
    |imag_sample_load_96_reg_9747              |   32|   0|   32|          0|
    |imag_sample_load_97_reg_9757              |   32|   0|   32|          0|
    |imag_sample_load_98_reg_9787              |   32|   0|   32|          0|
    |imag_sample_load_99_reg_9797              |   32|   0|   32|          0|
    |imag_sample_load_9_reg_7997               |   32|   0|   32|          0|
    |mul1_reg_12669                            |   32|   0|   32|          0|
    |mul_reg_12664                             |   32|   0|   32|          0|
    |real_sample_load_100_reg_9822             |   32|   0|   32|          0|
    |real_sample_load_101_reg_9832             |   32|   0|   32|          0|
    |real_sample_load_102_reg_9862             |   32|   0|   32|          0|
    |real_sample_load_103_reg_9872             |   32|   0|   32|          0|
    |real_sample_load_104_reg_9902             |   32|   0|   32|          0|
    |real_sample_load_105_reg_9912             |   32|   0|   32|          0|
    |real_sample_load_106_reg_9942             |   32|   0|   32|          0|
    |real_sample_load_107_reg_9952             |   32|   0|   32|          0|
    |real_sample_load_108_reg_9982             |   32|   0|   32|          0|
    |real_sample_load_109_reg_9992             |   32|   0|   32|          0|
    |real_sample_load_10_reg_8022              |   32|   0|   32|          0|
    |real_sample_load_110_reg_10022            |   32|   0|   32|          0|
    |real_sample_load_111_reg_10032            |   32|   0|   32|          0|
    |real_sample_load_112_reg_10062            |   32|   0|   32|          0|
    |real_sample_load_113_reg_10072            |   32|   0|   32|          0|
    |real_sample_load_114_reg_10102            |   32|   0|   32|          0|
    |real_sample_load_115_reg_10112            |   32|   0|   32|          0|
    |real_sample_load_116_reg_10142            |   32|   0|   32|          0|
    |real_sample_load_117_reg_10152            |   32|   0|   32|          0|
    |real_sample_load_118_reg_10182            |   32|   0|   32|          0|
    |real_sample_load_119_reg_10192            |   32|   0|   32|          0|
    |real_sample_load_11_reg_8032              |   32|   0|   32|          0|
    |real_sample_load_120_reg_10222            |   32|   0|   32|          0|
    |real_sample_load_121_reg_10232            |   32|   0|   32|          0|
    |real_sample_load_122_reg_10262            |   32|   0|   32|          0|
    |real_sample_load_123_reg_10272            |   32|   0|   32|          0|
    |real_sample_load_124_reg_10302            |   32|   0|   32|          0|
    |real_sample_load_125_reg_10312            |   32|   0|   32|          0|
    |real_sample_load_126_reg_10342            |   32|   0|   32|          0|
    |real_sample_load_127_reg_10352            |   32|   0|   32|          0|
    |real_sample_load_128_reg_10382            |   32|   0|   32|          0|
    |real_sample_load_129_reg_10392            |   32|   0|   32|          0|
    |real_sample_load_12_reg_8062              |   32|   0|   32|          0|
    |real_sample_load_130_reg_10422            |   32|   0|   32|          0|
    |real_sample_load_131_reg_10432            |   32|   0|   32|          0|
    |real_sample_load_132_reg_10462            |   32|   0|   32|          0|
    |real_sample_load_133_reg_10472            |   32|   0|   32|          0|
    |real_sample_load_134_reg_10502            |   32|   0|   32|          0|
    |real_sample_load_135_reg_10512            |   32|   0|   32|          0|
    |real_sample_load_136_reg_10542            |   32|   0|   32|          0|
    |real_sample_load_137_reg_10552            |   32|   0|   32|          0|
    |real_sample_load_138_reg_10582            |   32|   0|   32|          0|
    |real_sample_load_139_reg_10592            |   32|   0|   32|          0|
    |real_sample_load_13_reg_8072              |   32|   0|   32|          0|
    |real_sample_load_140_reg_10622            |   32|   0|   32|          0|
    |real_sample_load_141_reg_10632            |   32|   0|   32|          0|
    |real_sample_load_142_reg_10662            |   32|   0|   32|          0|
    |real_sample_load_143_reg_10672            |   32|   0|   32|          0|
    |real_sample_load_144_reg_10702            |   32|   0|   32|          0|
    |real_sample_load_145_reg_10712            |   32|   0|   32|          0|
    |real_sample_load_146_reg_10742            |   32|   0|   32|          0|
    |real_sample_load_147_reg_10752            |   32|   0|   32|          0|
    |real_sample_load_148_reg_10782            |   32|   0|   32|          0|
    |real_sample_load_149_reg_10792            |   32|   0|   32|          0|
    |real_sample_load_14_reg_8102              |   32|   0|   32|          0|
    |real_sample_load_150_reg_10822            |   32|   0|   32|          0|
    |real_sample_load_151_reg_10832            |   32|   0|   32|          0|
    |real_sample_load_152_reg_10862            |   32|   0|   32|          0|
    |real_sample_load_153_reg_10872            |   32|   0|   32|          0|
    |real_sample_load_154_reg_10902            |   32|   0|   32|          0|
    |real_sample_load_155_reg_10912            |   32|   0|   32|          0|
    |real_sample_load_156_reg_10942            |   32|   0|   32|          0|
    |real_sample_load_157_reg_10952            |   32|   0|   32|          0|
    |real_sample_load_158_reg_10982            |   32|   0|   32|          0|
    |real_sample_load_159_reg_10992            |   32|   0|   32|          0|
    |real_sample_load_15_reg_8112              |   32|   0|   32|          0|
    |real_sample_load_160_reg_11022            |   32|   0|   32|          0|
    |real_sample_load_161_reg_11032            |   32|   0|   32|          0|
    |real_sample_load_162_reg_11062            |   32|   0|   32|          0|
    |real_sample_load_163_reg_11072            |   32|   0|   32|          0|
    |real_sample_load_164_reg_11102            |   32|   0|   32|          0|
    |real_sample_load_165_reg_11112            |   32|   0|   32|          0|
    |real_sample_load_166_reg_11142            |   32|   0|   32|          0|
    |real_sample_load_167_reg_11152            |   32|   0|   32|          0|
    |real_sample_load_168_reg_11182            |   32|   0|   32|          0|
    |real_sample_load_169_reg_11192            |   32|   0|   32|          0|
    |real_sample_load_16_reg_8142              |   32|   0|   32|          0|
    |real_sample_load_170_reg_11222            |   32|   0|   32|          0|
    |real_sample_load_171_reg_11232            |   32|   0|   32|          0|
    |real_sample_load_172_reg_11262            |   32|   0|   32|          0|
    |real_sample_load_173_reg_11272            |   32|   0|   32|          0|
    |real_sample_load_174_reg_11302            |   32|   0|   32|          0|
    |real_sample_load_175_reg_11312            |   32|   0|   32|          0|
    |real_sample_load_176_reg_11342            |   32|   0|   32|          0|
    |real_sample_load_177_reg_11352            |   32|   0|   32|          0|
    |real_sample_load_178_reg_11382            |   32|   0|   32|          0|
    |real_sample_load_179_reg_11392            |   32|   0|   32|          0|
    |real_sample_load_17_reg_8152              |   32|   0|   32|          0|
    |real_sample_load_180_reg_11422            |   32|   0|   32|          0|
    |real_sample_load_181_reg_11432            |   32|   0|   32|          0|
    |real_sample_load_182_reg_11462            |   32|   0|   32|          0|
    |real_sample_load_183_reg_11472            |   32|   0|   32|          0|
    |real_sample_load_184_reg_11502            |   32|   0|   32|          0|
    |real_sample_load_185_reg_11512            |   32|   0|   32|          0|
    |real_sample_load_186_reg_11542            |   32|   0|   32|          0|
    |real_sample_load_187_reg_11552            |   32|   0|   32|          0|
    |real_sample_load_188_reg_11582            |   32|   0|   32|          0|
    |real_sample_load_189_reg_11592            |   32|   0|   32|          0|
    |real_sample_load_18_reg_8182              |   32|   0|   32|          0|
    |real_sample_load_190_reg_11622            |   32|   0|   32|          0|
    |real_sample_load_191_reg_11632            |   32|   0|   32|          0|
    |real_sample_load_192_reg_11662            |   32|   0|   32|          0|
    |real_sample_load_193_reg_11672            |   32|   0|   32|          0|
    |real_sample_load_194_reg_11702            |   32|   0|   32|          0|
    |real_sample_load_195_reg_11712            |   32|   0|   32|          0|
    |real_sample_load_196_reg_11742            |   32|   0|   32|          0|
    |real_sample_load_197_reg_11752            |   32|   0|   32|          0|
    |real_sample_load_198_reg_11782            |   32|   0|   32|          0|
    |real_sample_load_199_reg_11792            |   32|   0|   32|          0|
    |real_sample_load_19_reg_8192              |   32|   0|   32|          0|
    |real_sample_load_1_reg_7832               |   32|   0|   32|          0|
    |real_sample_load_200_reg_11822            |   32|   0|   32|          0|
    |real_sample_load_201_reg_11832            |   32|   0|   32|          0|
    |real_sample_load_202_reg_11862            |   32|   0|   32|          0|
    |real_sample_load_203_reg_11872            |   32|   0|   32|          0|
    |real_sample_load_204_reg_11902            |   32|   0|   32|          0|
    |real_sample_load_205_reg_11912            |   32|   0|   32|          0|
    |real_sample_load_206_reg_11942            |   32|   0|   32|          0|
    |real_sample_load_207_reg_11952            |   32|   0|   32|          0|
    |real_sample_load_208_reg_11982            |   32|   0|   32|          0|
    |real_sample_load_209_reg_11992            |   32|   0|   32|          0|
    |real_sample_load_20_reg_8222              |   32|   0|   32|          0|
    |real_sample_load_210_reg_12022            |   32|   0|   32|          0|
    |real_sample_load_211_reg_12032            |   32|   0|   32|          0|
    |real_sample_load_212_reg_12062            |   32|   0|   32|          0|
    |real_sample_load_213_reg_12072            |   32|   0|   32|          0|
    |real_sample_load_214_reg_12102            |   32|   0|   32|          0|
    |real_sample_load_215_reg_12112            |   32|   0|   32|          0|
    |real_sample_load_216_reg_12142            |   32|   0|   32|          0|
    |real_sample_load_217_reg_12152            |   32|   0|   32|          0|
    |real_sample_load_218_reg_12182            |   32|   0|   32|          0|
    |real_sample_load_219_reg_12192            |   32|   0|   32|          0|
    |real_sample_load_21_reg_8232              |   32|   0|   32|          0|
    |real_sample_load_220_reg_12222            |   32|   0|   32|          0|
    |real_sample_load_221_reg_12232            |   32|   0|   32|          0|
    |real_sample_load_222_reg_12262            |   32|   0|   32|          0|
    |real_sample_load_223_reg_12272            |   32|   0|   32|          0|
    |real_sample_load_224_reg_12302            |   32|   0|   32|          0|
    |real_sample_load_225_reg_12312            |   32|   0|   32|          0|
    |real_sample_load_226_reg_12342            |   32|   0|   32|          0|
    |real_sample_load_227_reg_12352            |   32|   0|   32|          0|
    |real_sample_load_228_reg_12382            |   32|   0|   32|          0|
    |real_sample_load_229_reg_12392            |   32|   0|   32|          0|
    |real_sample_load_22_reg_8262              |   32|   0|   32|          0|
    |real_sample_load_230_reg_12422            |   32|   0|   32|          0|
    |real_sample_load_231_reg_12432            |   32|   0|   32|          0|
    |real_sample_load_232_reg_12462            |   32|   0|   32|          0|
    |real_sample_load_233_reg_12472            |   32|   0|   32|          0|
    |real_sample_load_234_reg_12502            |   32|   0|   32|          0|
    |real_sample_load_235_reg_12512            |   32|   0|   32|          0|
    |real_sample_load_237_reg_12554            |   32|   0|   32|          0|
    |real_sample_load_238_reg_12584            |   32|   0|   32|          0|
    |real_sample_load_239_reg_12594            |   32|   0|   32|          0|
    |real_sample_load_23_reg_8272              |   32|   0|   32|          0|
    |real_sample_load_240_reg_12624            |   32|   0|   32|          0|
    |real_sample_load_241_reg_12634            |   32|   0|   32|          0|
    |real_sample_load_242_reg_12674            |   32|   0|   32|          0|
    |real_sample_load_243_reg_12684            |   32|   0|   32|          0|
    |real_sample_load_244_reg_12714            |   32|   0|   32|          0|
    |real_sample_load_245_reg_12724            |   32|   0|   32|          0|
    |real_sample_load_246_reg_12754            |   32|   0|   32|          0|
    |real_sample_load_247_reg_12764            |   32|   0|   32|          0|
    |real_sample_load_248_reg_12794            |   32|   0|   32|          0|
    |real_sample_load_249_reg_12804            |   32|   0|   32|          0|
    |real_sample_load_24_reg_8302              |   32|   0|   32|          0|
    |real_sample_load_250_reg_12834            |   32|   0|   32|          0|
    |real_sample_load_251_reg_12844            |   32|   0|   32|          0|
    |real_sample_load_252_reg_12884            |   32|   0|   32|          0|
    |real_sample_load_253_reg_12894            |   32|   0|   32|          0|
    |real_sample_load_25_reg_8312              |   32|   0|   32|          0|
    |real_sample_load_26_reg_8342              |   32|   0|   32|          0|
    |real_sample_load_27_reg_8352              |   32|   0|   32|          0|
    |real_sample_load_28_reg_8382              |   32|   0|   32|          0|
    |real_sample_load_29_reg_8392              |   32|   0|   32|          0|
    |real_sample_load_2_reg_7862               |   32|   0|   32|          0|
    |real_sample_load_30_reg_8422              |   32|   0|   32|          0|
    |real_sample_load_31_reg_8432              |   32|   0|   32|          0|
    |real_sample_load_32_reg_8462              |   32|   0|   32|          0|
    |real_sample_load_33_reg_8472              |   32|   0|   32|          0|
    |real_sample_load_34_reg_8502              |   32|   0|   32|          0|
    |real_sample_load_35_reg_8512              |   32|   0|   32|          0|
    |real_sample_load_36_reg_8542              |   32|   0|   32|          0|
    |real_sample_load_37_reg_8552              |   32|   0|   32|          0|
    |real_sample_load_38_reg_8582              |   32|   0|   32|          0|
    |real_sample_load_39_reg_8592              |   32|   0|   32|          0|
    |real_sample_load_3_reg_7872               |   32|   0|   32|          0|
    |real_sample_load_40_reg_8622              |   32|   0|   32|          0|
    |real_sample_load_41_reg_8632              |   32|   0|   32|          0|
    |real_sample_load_42_reg_8662              |   32|   0|   32|          0|
    |real_sample_load_43_reg_8672              |   32|   0|   32|          0|
    |real_sample_load_44_reg_8702              |   32|   0|   32|          0|
    |real_sample_load_45_reg_8712              |   32|   0|   32|          0|
    |real_sample_load_46_reg_8742              |   32|   0|   32|          0|
    |real_sample_load_47_reg_8752              |   32|   0|   32|          0|
    |real_sample_load_48_reg_8782              |   32|   0|   32|          0|
    |real_sample_load_49_reg_8792              |   32|   0|   32|          0|
    |real_sample_load_4_reg_7902               |   32|   0|   32|          0|
    |real_sample_load_50_reg_8822              |   32|   0|   32|          0|
    |real_sample_load_51_reg_8832              |   32|   0|   32|          0|
    |real_sample_load_52_reg_8862              |   32|   0|   32|          0|
    |real_sample_load_53_reg_8872              |   32|   0|   32|          0|
    |real_sample_load_54_reg_8902              |   32|   0|   32|          0|
    |real_sample_load_55_reg_8912              |   32|   0|   32|          0|
    |real_sample_load_56_reg_8942              |   32|   0|   32|          0|
    |real_sample_load_57_reg_8952              |   32|   0|   32|          0|
    |real_sample_load_58_reg_8982              |   32|   0|   32|          0|
    |real_sample_load_59_reg_8992              |   32|   0|   32|          0|
    |real_sample_load_5_reg_7912               |   32|   0|   32|          0|
    |real_sample_load_60_reg_9022              |   32|   0|   32|          0|
    |real_sample_load_61_reg_9032              |   32|   0|   32|          0|
    |real_sample_load_62_reg_9062              |   32|   0|   32|          0|
    |real_sample_load_63_reg_9072              |   32|   0|   32|          0|
    |real_sample_load_64_reg_9102              |   32|   0|   32|          0|
    |real_sample_load_65_reg_9112              |   32|   0|   32|          0|
    |real_sample_load_66_reg_9142              |   32|   0|   32|          0|
    |real_sample_load_67_reg_9152              |   32|   0|   32|          0|
    |real_sample_load_68_reg_9182              |   32|   0|   32|          0|
    |real_sample_load_69_reg_9192              |   32|   0|   32|          0|
    |real_sample_load_6_reg_7942               |   32|   0|   32|          0|
    |real_sample_load_70_reg_9222              |   32|   0|   32|          0|
    |real_sample_load_71_reg_9232              |   32|   0|   32|          0|
    |real_sample_load_72_reg_9262              |   32|   0|   32|          0|
    |real_sample_load_73_reg_9272              |   32|   0|   32|          0|
    |real_sample_load_74_reg_9302              |   32|   0|   32|          0|
    |real_sample_load_75_reg_9312              |   32|   0|   32|          0|
    |real_sample_load_76_reg_9342              |   32|   0|   32|          0|
    |real_sample_load_77_reg_9352              |   32|   0|   32|          0|
    |real_sample_load_78_reg_9382              |   32|   0|   32|          0|
    |real_sample_load_79_reg_9392              |   32|   0|   32|          0|
    |real_sample_load_7_reg_7952               |   32|   0|   32|          0|
    |real_sample_load_80_reg_9422              |   32|   0|   32|          0|
    |real_sample_load_81_reg_9432              |   32|   0|   32|          0|
    |real_sample_load_82_reg_9462              |   32|   0|   32|          0|
    |real_sample_load_83_reg_9472              |   32|   0|   32|          0|
    |real_sample_load_84_reg_9502              |   32|   0|   32|          0|
    |real_sample_load_85_reg_9512              |   32|   0|   32|          0|
    |real_sample_load_86_reg_9542              |   32|   0|   32|          0|
    |real_sample_load_87_reg_9552              |   32|   0|   32|          0|
    |real_sample_load_88_reg_9582              |   32|   0|   32|          0|
    |real_sample_load_89_reg_9592              |   32|   0|   32|          0|
    |real_sample_load_8_reg_7982               |   32|   0|   32|          0|
    |real_sample_load_90_reg_9622              |   32|   0|   32|          0|
    |real_sample_load_91_reg_9632              |   32|   0|   32|          0|
    |real_sample_load_92_reg_9662              |   32|   0|   32|          0|
    |real_sample_load_93_reg_9672              |   32|   0|   32|          0|
    |real_sample_load_94_reg_9702              |   32|   0|   32|          0|
    |real_sample_load_95_reg_9712              |   32|   0|   32|          0|
    |real_sample_load_96_reg_9742              |   32|   0|   32|          0|
    |real_sample_load_97_reg_9752              |   32|   0|   32|          0|
    |real_sample_load_98_reg_9782              |   32|   0|   32|          0|
    |real_sample_load_99_reg_9792              |   32|   0|   32|          0|
    |real_sample_load_9_reg_7992               |   32|   0|   32|          0|
    |reg_5748                                  |   32|   0|   32|          0|
    |reg_5752                                  |   32|   0|   32|          0|
    |sub_reg_12874                             |   32|   0|   32|          0|
    +------------------------------------------+-----+----+-----+-----------+
    |Total                                     |32841|   0|32841|          0|
    +------------------------------------------+-----+----+-----+-----------+



================================================================
== Interface
================================================================
* Summary: 
+----------------------+-----+-----+------------+--------------+--------------+
|       RTL Ports      | Dir | Bits|  Protocol  | Source Object|    C Type    |
+----------------------+-----+-----+------------+--------------+--------------+
|ap_clk                |   in|    1|  ap_ctrl_hs|           dft|  return value|
|ap_rst                |   in|    1|  ap_ctrl_hs|           dft|  return value|
|ap_start              |   in|    1|  ap_ctrl_hs|           dft|  return value|
|ap_done               |  out|    1|  ap_ctrl_hs|           dft|  return value|
|ap_idle               |  out|    1|  ap_ctrl_hs|           dft|  return value|
|ap_ready              |  out|    1|  ap_ctrl_hs|           dft|  return value|
|real_sample_address0  |  out|    8|   ap_memory|   real_sample|         array|
|real_sample_ce0       |  out|    1|   ap_memory|   real_sample|         array|
|real_sample_we0       |  out|    1|   ap_memory|   real_sample|         array|
|real_sample_d0        |  out|   32|   ap_memory|   real_sample|         array|
|real_sample_q0        |   in|   32|   ap_memory|   real_sample|         array|
|real_sample_address1  |  out|    8|   ap_memory|   real_sample|         array|
|real_sample_ce1       |  out|    1|   ap_memory|   real_sample|         array|
|real_sample_q1        |   in|   32|   ap_memory|   real_sample|         array|
|imag_sample_address0  |  out|    8|   ap_memory|   imag_sample|         array|
|imag_sample_ce0       |  out|    1|   ap_memory|   imag_sample|         array|
|imag_sample_we0       |  out|    1|   ap_memory|   imag_sample|         array|
|imag_sample_d0        |  out|   32|   ap_memory|   imag_sample|         array|
|imag_sample_q0        |   in|   32|   ap_memory|   imag_sample|         array|
|imag_sample_address1  |  out|    8|   ap_memory|   imag_sample|         array|
|imag_sample_ce1       |  out|    1|   ap_memory|   imag_sample|         array|
|imag_sample_q1        |   in|   32|   ap_memory|   imag_sample|         array|
+----------------------+-----+-----+------------+--------------+--------------+

